=== [reset] fresh-session protocol: remove fnserver + orphaned function containers ===
clean: 1 containers left
=== [setup] Fn server ===
e04c73759fa2aa6d0a797950c8fffacf6f79bf5a1590f95fd1e8a124bb7b842d
=== [setup] hey (reinstall unless it passes a functional smoke test) ===
hey OK: /home/imran/go/bin/hey (functional smoke test passed)
=== [setup] function + trigger ===
Successfully created app:  app1
Deploying hello to app: app1
Bumped to version 0.0.18
Using Container engine docker
3.12: Pulling from fnproject/python
Digest: sha256:75f8f338e9607f83354c146f930a43cd212ab4a79d40a91168cb7c0919a85c64
Status: Image is up to date for fnproject/python:3.12
docker.io/fnproject/python:3.12
2026/08/07 01:26:57 Process finished gracefully
Building image hello:0.0.18 ......
Updating function hello using image hello:0.0.18...
Successfully created function: hello with hello:0.0.18
Successfully created trigger: http-hello
Trigger Endpoint: http://localhost:8080/t/app1/hello
=== [setup] sanity ===
{'message': 'Hello World'}
CONTAINER ID   IMAGE                COMMAND                  CREATED                  STATUS                  PORTS                                                        NAMES
d5db9d74db1a   hello:0.0.18         "/python/bin/fdk /fu…"   Less than a second ago   Up Less than a second                                                                01KZCC43YCNG8G00GZJ0000005
e04c73759fa2   fnproject/fnserver   "./fnserver"             16 seconds ago           Up 16 seconds           2375-2376/tcp, 0.0.0.0:8080->8080/tcp, [::]:8080->8080/tcp   fnserver
docker stats : OK (2 containers seen)
RAPL         : OK 88973 J
cpu_count    : 8
cgroup quota : n/a (not under cgroup CPU quota)
governor     : powersave
freq_mhz     : 2600
host_cpu     : 2164034 ticks
steal        : 0 ticks
hey          : available
cgroup map   : OK: 2 containers map to cgroups (100 Hz sampler usable)
{
  "platform": "fn",
  "url": "http://localhost:8080/t/app1/hello",
  "calls": 100,
  "successes": 100,
  "availability": 1.0,
  "latency_ms": {
    "p50": 19.57,
    "p99": 648.78
  },
  "function_cpu_sec_total": 0.442,
  "function_cpu_ms_per_inv": 4.42,
  "control_plane_cpu_sec_total": 0.181,
  "budget_ms": 5.0,
  "budget_check": "MATCHES budget within 50-150%",
  "env": {
    "sampler": "cgroup"
  }
}

Saved to /home/imran/faas-work/saqef/results/verify.json
--- run 1/5 ---
[delta-check] CP cgroup mapping: 1/1 mapped (fnserver)
--- run 2/5 ---
[delta-check] CP cgroup mapping: 1/1 mapped (fnserver)
--- run 3/5 ---
[delta-check] CP cgroup mapping: 1/1 mapped (fnserver)
--- run 4/5 ---
[delta-check] CP cgroup mapping: 1/1 mapped (fnserver)
--- run 5/5 ---
[delta-check] CP cgroup mapping: 1/1 mapped (fnserver)
=== MEDIAN over 5 runs ===
{
  "platform": "fn",
  "url": "http://localhost:8080/t/app1/hello",
  "mode": "load",
  "wall_s": 21.25,
  "wall_harness_s": 21.25,
  "sampling_covered_s": 21.25,
  "requests": 10000,
  "successes": 10000,
  "availability": 1.0,
  "throughput_rps": 470.49,
  "latency_ms": {
    "p50": 7.3,
    "p90": 11.4,
    "p99": 17.7,
    "max": 40.1
  },
  "slo_ms": 500.0,
  "slo_compliance": 1.0,
  "compliance_source": "hey_interp",
  "energy_J": {
    "total": 313.8,
    "dynamic": 222.2,
    "control_plane": 28.7,
    "function": 193.5
  },
  "cp_share_pct": 9.14,
  "cp_dynamic_share_pct": 12.92,
  "cpu_sec": {
    "control_plane": 8.2,
    "function": 55.28
  },
  "cpu_sec_ceiling": 170.04,
  "physical_plausible": true,
  "unclassified_cpu_s": 0.0,
  "container_inventory": [
    "01KZCC43YCNG8G00GZJ0000005",
    "01KZCC46AQNG8G00GZJ000000B",
    "01KZCC46ARNG8G00GZJ000000D",
    "01KZCC46ARNG8G00GZJ000000E",
    "01KZCC46ARNG8G00GZJ000000G",
    "01KZCC46ASNG8G00GZJ000000K",
    "01KZCC46ASNG8G00GZJ000000M",
    "01KZCC46AZNG8G00GZJ000000P",
    "01KZCC46B1NG8G00GZJ000000R",
    "01KZCC46BJNG8G00GZJ000000T",
    "fnserver"
  ],
  "container_labels": {
    "01KZCC43YCNG8G00GZJ0000005": {
      "image": "hello:0.0.18",
      "labels": [
        "io.buildah.version=1.43.1"
      ]
    },
    "01KZCC46AQNG8G00GZJ000000B": {
      "image": "hello:0.0.18",
      "labels": [
        "io.buildah.version=1.43.1"
      ]
    },
    "01KZCC46ARNG8G00GZJ000000D": {
      "image": "hello:0.0.18",
      "labels": [
        "io.buildah.version=1.43.1"
      ]
    },
    "01KZCC46ARNG8G00GZJ000000E": {
      "image": "hello:0.0.18",
      "labels": [
        "io.buildah.version=1.43.1"
      ]
    },
    "01KZCC46ARNG8G00GZJ000000G": {
      "image": "hello:0.0.18",
      "labels": [
        "io.buildah.version=1.43.1"
      ]
    },
    "01KZCC46ASNG8G00GZJ000000K": {
      "image": "hello:0.0.18",
      "labels": [
        "io.buildah.version=1.43.1"
      ]
    },
    "01KZCC46ASNG8G00GZJ000000M": {
      "image": "hello:0.0.18",
      "labels": [
        "io.buildah.version=1.43.1"
      ]
    },
    "01KZCC46B1NG8G00GZJ000000R": {
      "image": "hello:0.0.18",
      "labels": [
        "io.buildah.version=1.43.1"
      ]
    },
    "fnserver": {
      "image": "fnproject/fnserver",
      "labels": [
        "io.buildah.version=1.41.8"
      ]
    }
  },
  "cp_peak_mem_mb": 35.5,
  "carbon_gCO2": {
    "op_total": 0.015,
    "op_control_plane": 0.001,
    "idle_band": {
      "15": 0.026,
      "30": 0.041,
      "45": 0.057
    }
  },
  "model": {
    "idle_w": 4.3,
    "busy_core_w": 3.5,
    "pue": 1.15,
    "ci": 150.0
  },
  "sensitivity": {
    "cp_dynamic_share_pct_by_busy_w": {
      "2.0": 12.92,
      "3.5": 12.92,
      "5.0": 12.92
    },
    "dynamic_energy_J_by_busy_w": {
      "2.0": 126.9,
      "3.5": 222.2,
      "5.0": 317.4
    },
    "op_carbon_gCO2_by_busy_w": {
      "2.0": 0.01,
      "3.5": 0.015,
      "5.0": 0.02
    }
  },
  "kpi_gco2_per_slo_compliant_inv": 1.5e-06,
  "kpi_gco2_per_inv_dynamic": 1.06e-06,
  "embodied_dram_g_per_gb_h": 0.0317,
  "host_cpu_sec": 155.37,
  "host_window_s": 21.255,
  "host_saturation_pct": 91.5,
  "host_plausible": true,
  "host_saturated": true,
  "host_overhead_cpu_sec": 91.98,
  "orchestration_cpu_sec": 100.18,
  "orchestration_share_pct": 64.48,
  "steal_sec": null,
  "steal_pct": null,
  "cp_delta_sec": 8.199,
  "cp_sampler_vs_delta_pct": 0.0,
  "delta_check_map": {
    "fnserver": "ok"
  },
  "env": {
    "cpu_count": 8,
    "governor": "powersave",
    "freq_mhz_before": 2500.0,
    "freq_mhz_after": 2400.3,
    "sampler": "cgroup",
    "loadgen": "hey",
    "loadgen_requested": "hey",
    "loadgen_fallback": false
  },
  "rapl_validation_err_pct": 5.2,
  "rapl_available": true,
  "loadgen": {
    "source": "hey",
    "rps": 478.62233347532464,
    "avg_ms": 8.34,
    "errors": 0,
    "wall_s": 20.89
  },
  "repetitions": 5,
  "spread_min_max": {
    "throughput_rps": [
      468.53,
      471.83
    ],
    "slo_compliance": [
      1.0,
      1.0
    ],
    "latency_ms.p50": [
      7.3,
      7.4
    ],
    "latency_ms.p99": [
      17.6,
      17.9
    ],
    "cp_dynamic_share_pct": [
      12.85,
      12.96
    ],
    "cp_share_pct": [
      9.12,
      9.2
    ],
    "energy_J.dynamic": [
      221.9,
      223.1
    ],
    "kpi_gco2_per_slo_compliant_inv": [
      0.0,
      0.0
    ]
  },
  "bootstrap_ci": {
    "throughput_rps": [
      468.53,
      471.83
    ],
    "slo_compliance": [
      1.0,
      1.0
    ],
    "latency_ms.p50": [
      7.3,
      7.4
    ],
    "latency_ms.p99": [
      17.6,
      17.9
    ],
    "cp_dynamic_share_pct": [
      12.85,
      12.96
    ]
  },
  "cv_pct": {
    "throughput_rps": 0.33,
    "slo_compliance": 0.0,
    "latency_ms.p50": 0.61,
    "latency_ms.p99": 0.74,
    "cp_dynamic_share_pct": 0.32
  },
  "iqr": {
    "throughput_rps": 2.89,
    "slo_compliance": 0.0,
    "latency_ms.p50": 0.0,
    "latency_ms.p99": 0.2,
    "cp_dynamic_share_pct": 0.02
  }
}

Saved runs to /home/imran/faas-work/saqef/results/fn_cpubound_crosscheck2 /
per-run gate table (pass: delta% ~ 0, plausible=true, host_plausible=true, host_saturated=false, 95 <= coverage% <= 100):
  run_1   delta%: -0.0    cp_cpu_s: 8.17   fn_cpu_s: 55.42  plausible: True  host_sat%: 91.5  host_plausible: True  host_saturated: True  coverage%: 100.0  <-- QoS CONTENTION-CONTAMINATED (>=85% sat): do not cite latency
  run_2   delta%: -0.0    cp_cpu_s: 8.2    fn_cpu_s: 55.28  plausible: True  host_sat%: 91.5  host_plausible: True  host_saturated: True  coverage%: 100.0  <-- QoS CONTENTION-CONTAMINATED (>=85% sat): do not cite latency
  run_3   delta%: 0.0     cp_cpu_s: 8.19   fn_cpu_s: 55.23  plausible: True  host_sat%: 91.3  host_plausible: True  host_saturated: True  coverage%: 100.0  <-- QoS CONTENTION-CONTAMINATED (>=85% sat): do not cite latency
  run_4   delta%: 0.02    cp_cpu_s: 8.2    fn_cpu_s: 55.19  plausible: True  host_sat%: 91.6  host_plausible: True  host_saturated: True  coverage%: 100.0  <-- QoS CONTENTION-CONTAMINATED (>=85% sat): do not cite latency
  run_5   delta%: 0.0     cp_cpu_s: 8.26   fn_cpu_s: 55.48  plausible: True  host_sat%: 91.2  host_plausible: True  host_saturated: True  coverage%: 100.0  <-- QoS CONTENTION-CONTAMINATED (>=85% sat): do not cite latency
median: cp_dynamic_share_pct=12.92  slo_compliance=1.0  throughput_rps=470.49
