>>> python3 saqef_harness.py --url http://127.0.0.1:3233/api/v1/web/guest/default/hello --platform openwhisk --cp-containers openwhisk --fn-images action-python-v3.11 --forbidden-services * --forbidden-containers fnserver --idle-w 5.294 --total 10000 --concurrency 4 --duration 300 --warmup 20 --repeat 5 --sampler cgroup --delta-check --loadgen hey --outdir results/openwhisk_cpubound_baremetal
--- run 1/5 ---
[delta-check] CP cgroup mapping: 1/1 mapped (openwhisk)
--- run 2/5 ---
[delta-check] CP cgroup mapping: 1/1 mapped (openwhisk)
--- run 3/5 ---
[delta-check] CP cgroup mapping: 1/1 mapped (openwhisk)
--- run 4/5 ---
[delta-check] CP cgroup mapping: 1/1 mapped (openwhisk)
--- run 5/5 ---
[delta-check] CP cgroup mapping: 1/1 mapped (openwhisk)
WARNING: window (396.4s) exceeded the --duration safety cap (300s) - runs are count-bound; consider a shorter --total on a loaded VM
=== MEDIAN over 5 runs ===
{
  "platform": "openwhisk",
  "url": "http://127.0.0.1:3233/api/v1/web/guest/default/hello",
  "mode": "load",
  "wall_s": 261.01,
  "wall_harness_s": 261.01,
  "sampling_covered_s": 261.01,
  "requests": 10000,
  "successes": 10000,
  "availability": 1.0,
  "throughput_rps": 38.31,
  "latency_ms": {
    "p50": 109.5,
    "p90": 136.2,
    "p99": 155.6,
    "max": 269.9
  },
  "slo_ms": 500.0,
  "slo_compliance": 1.0,
  "compliance_source": "hey_interp",
  "energy_J": {
    "total": 2601.9,
    "dynamic": 1149.1,
    "control_plane": 948.4,
    "function": 200.8
  },
  "cp_share_pct": 36.68,
  "cp_dynamic_share_pct": 82.54,
  "cpu_sec": {
    "control_plane": 270.98,
    "function": 57.38
  },
  "cpu_sec_ceiling": 2088.07,
  "physical_plausible": true,
  "unclassified_cpu_s": 0.0,
  "container_inventory": [
    "openwhisk",
    "wsk0_1_prewarm_nodejs20",
    "wsk0_2_prewarm_nodejs20",
    "wsk0_3_guest_hello",
    "wsk0_4_guest_hello"
  ],
  "container_labels": {
    "openwhisk": {
      "image": "openwhisk/standalone:nightly",
      "labels": []
    },
    "wsk0_3_guest_hello": {
      "image": "openwhisk/action-python-v3.11:nightly",
      "labels": []
    },
    "wsk0_4_guest_hello": {
      "image": "openwhisk/action-python-v3.11:nightly",
      "labels": []
    }
  },
  "cp_peak_mem_mb": 538.9,
  "carbon_gCO2": {
    "op_total": 0.125,
    "op_control_plane": 0.045,
    "idle_band": {
      "15": 0.241,
      "30": 0.429,
      "45": 0.616
    }
  },
  "model": {
    "idle_w": 5.294,
    "busy_core_w": 3.5,
    "pue": 1.15,
    "ci": 150.0
  },
  "sensitivity": {
    "cp_dynamic_share_pct_by_busy_w": {
      "2.0": 82.54,
      "3.5": 82.54,
      "5.0": 82.54
    },
    "dynamic_energy_J_by_busy_w": {
      "2.0": 656.6,
      "3.5": 1149.1,
      "5.0": 1641.5
    },
    "op_carbon_gCO2_by_busy_w": {
      "2.0": 0.097,
      "3.5": 0.125,
      "5.0": 0.155
    }
  },
  "kpi_gco2_per_slo_compliant_inv": 1.247e-05,
  "kpi_gco2_per_inv_dynamic": 5.51e-06,
  "embodied_dram_g_per_gb_h": 0.0317,
  "host_cpu_sec": 1401.87,
  "host_window_s": 261.01,
  "host_saturation_pct": 69.7,
  "host_plausible": true,
  "host_saturated": false,
  "host_overhead_cpu_sec": 1077.16,
  "orchestration_cpu_sec": 1344.58,
  "orchestration_share_pct": 95.91,
  "steal_sec": null,
  "steal_pct": null,
  "cp_delta_sec": 270.983,
  "cp_sampler_vs_delta_pct": -0.0,
  "delta_check_map": {
    "openwhisk": "ok"
  },
  "env": {
    "cpu_count": 8,
    "governor": "powersave",
    "freq_mhz_before": 3887.9,
    "freq_mhz_after": 2527.9,
    "sampler": "cgroup",
    "loadgen": "hey",
    "loadgen_requested": "hey",
    "loadgen_fallback": false
  },
  "rapl_validation_err_pct": 36.31,
  "rapl_available": true,
  "loadgen": {
    "source": "hey",
    "rps": 38.349484218612,
    "avg_ms": 104.26,
    "errors": 0,
    "wall_s": 260.76
  },
  "repetitions": 5,
  "spread_min_max": {
    "throughput_rps": [
      25.22,
      47.29
    ],
    "slo_compliance": [
      1.0,
      1.0
    ],
    "latency_ms.p50": [
      83.8,
      154.3
    ],
    "latency_ms.p99": [
      131.3,
      230.3
    ],
    "cp_dynamic_share_pct": [
      82.0,
      86.24
    ],
    "cp_share_pct": [
      29.34,
      49.14
    ],
    "energy_J.dynamic": [
      1118.5,
      1482.6
    ],
    "kpi_gco2_per_slo_compliant_inv": [
      0.0,
      0.0
    ]
  },
  "bootstrap_ci": {
    "throughput_rps": [
      25.22,
      47.29
    ],
    "slo_compliance": [
      1.0,
      1.0
    ],
    "latency_ms.p50": [
      83.8,
      154.3
    ],
    "latency_ms.p99": [
      131.3,
      230.3
    ],
    "cp_dynamic_share_pct": [
      82.0,
      86.24
    ]
  },
  "cv_pct": {
    "throughput_rps": 23.62,
    "slo_compliance": 0.0,
    "latency_ms.p50": 24.11,
    "latency_ms.p99": 24.07,
    "cp_dynamic_share_pct": 2.1
  },
  "iqr": {
    "throughput_rps": 9.64,
    "slo_compliance": 0.0,
    "latency_ms.p50": 31.1,
    "latency_ms.p99": 47.2,
    "cp_dynamic_share_pct": 0.26
  }
}

Saved runs to /home/imran/faas-work/saqef/results/openwhisk_cpubound_baremetal /
per-run gate table (pass: delta%% ~ 0, CPmapped = expected, host_plausible=true, 95 <= coverage%% <= 100):
  run_1   delta%: 0.0     delta_s: 365.281 cp_cpu_s: 365.28 fn_cpu_s: 58.31  CPmapped: 1/1 fn_replicas: 2 unclass: 0.0 host_cpu_s: 1086.01 host_sat%: 64.2   host_plausible: True  coverage%: 100.0
  run_2   delta%: -0.0    delta_s: 262.049 cp_cpu_s: 262.05 fn_cpu_s: 57.51  CPmapped: 1/1 fn_replicas: 3 unclass: 0.04 host_cpu_s: 1329.76 host_sat%: 63.7   host_plausible: True  coverage%: 100.0
  run_3   delta%: -0.0    delta_s: 267.427 cp_cpu_s: 267.43 fn_cpu_s: 57.29  CPmapped: 1/1 fn_replicas: 3 unclass: 0.0 host_cpu_s: 1401.87 host_sat%: 70.7   host_plausible: True  coverage%: 100.0
  run_4   delta%: 0.0     delta_s: 270.983 cp_cpu_s: 270.98 fn_cpu_s: 57.32  CPmapped: 1/1 fn_replicas: 3 unclass: 0.04 host_cpu_s: 1827.31 host_sat%: 70.1   host_plausible: True  coverage%: 100.0
  run_5   delta%: 0.0     delta_s: 272.816 cp_cpu_s: 272.82 fn_cpu_s: 57.38  CPmapped: 1/1 fn_replicas: 3 unclass: 0.0 host_cpu_s: 2210.11 host_sat%: 69.7   host_plausible: True  coverage%: 100.0
median: cp_dynamic_share_pct=82.54  slo_compliance=1.0  throughput_rps=38.31
